Archive member included because of file (symbol)

/home/happy/workspace/ses/Release/libses.a(ses_led.o)
                              ./src/scheduler_test.o (led_greenInit)
/home/happy/workspace/ses/Release/libses.a(ses_scheduler.o)
                              ./src/scheduler_test.o (scheduler_init)
/home/happy/workspace/ses/Release/libses.a(ses_timer.o)
                              /home/happy/workspace/ses/Release/libses.a(ses_scheduler.o) (timer2_init)
/usr/lib/gcc/avr/4.8.2/avr51/libgcc.a(_exit.o)
                              /usr/lib/gcc/avr/4.8.2/../../../avr/lib/avr51/crtm128rfa1.o (exit)
/usr/lib/gcc/avr/4.8.2/avr51/libgcc.a(_clear_bss.o)
                              /home/happy/workspace/ses/Release/libses.a(ses_scheduler.o) (__do_clear_bss)

Allocating common symbols
Common symbol       size              file

tasks               0x3c              /home/happy/workspace/ses/Release/libses.a(ses_scheduler.o)

Memory Configuration

Name             Origin             Length             Attributes
text             0x00000000         0x00020000         xr
data             0x00800100         0x0000ff00         rw !x
eeprom           0x00810000         0x00010000         rw !x
fuse             0x00820000         0x00000400         rw !x
lock             0x00830000         0x00000400         rw !x
signature        0x00840000         0x00000400         rw !x
user_signatures  0x00850000         0x00000400         rw !x
*default*        0x00000000         0xffffffff

Linker script and memory map

Address of section .data set to 0x800200
LOAD /usr/lib/gcc/avr/4.8.2/../../../avr/lib/avr51/crtm128rfa1.o
LOAD ./src/scheduler_test.o
LOAD /home/happy/workspace/ses/Release/libses.a
START GROUP
LOAD /usr/lib/gcc/avr/4.8.2/avr51/libgcc.a
LOAD /usr/lib/gcc/avr/4.8.2/../../../avr/lib/avr51/libm.a
LOAD /usr/lib/gcc/avr/4.8.2/../../../avr/lib/avr51/libc.a
END GROUP

.hash
 *(.hash)

.dynsym
 *(.dynsym)

.dynstr
 *(.dynstr)

.gnu.version
 *(.gnu.version)

.gnu.version_d
 *(.gnu.version_d)

.gnu.version_r
 *(.gnu.version_r)

.rel.init
 *(.rel.init)

.rela.init
 *(.rela.init)

.rel.text
 *(.rel.text)
 *(.rel.text.*)
 *(.rel.gnu.linkonce.t*)

.rela.text
 *(.rela.text)
 *(.rela.text.*)
 *(.rela.gnu.linkonce.t*)

.rel.fini
 *(.rel.fini)

.rela.fini
 *(.rela.fini)

.rel.rodata
 *(.rel.rodata)
 *(.rel.rodata.*)
 *(.rel.gnu.linkonce.r*)

.rela.rodata
 *(.rela.rodata)
 *(.rela.rodata.*)
 *(.rela.gnu.linkonce.r*)

.rel.data
 *(.rel.data)
 *(.rel.data.*)
 *(.rel.gnu.linkonce.d*)

.rela.data
 *(.rela.data)
 *(.rela.data.*)
 *(.rela.gnu.linkonce.d*)

.rel.ctors
 *(.rel.ctors)

.rela.ctors
 *(.rela.ctors)

.rel.dtors
 *(.rel.dtors)

.rela.dtors
 *(.rela.dtors)

.rel.got
 *(.rel.got)

.rela.got
 *(.rela.got)

.rel.bss
 *(.rel.bss)

.rela.bss
 *(.rela.bss)

.rel.plt
 *(.rel.plt)

.rela.plt
 *(.rela.plt)

.text           0x00000000      0x3ba
 *(.vectors)
 .vectors       0x00000000      0x120 /usr/lib/gcc/avr/4.8.2/../../../avr/lib/avr51/crtm128rfa1.o
                0x00000000                __vectors
                0x00000000                __vector_default
 *(.vectors)
 *(.progmem.gcc*)
 *(.progmem*)
                0x00000120                . = ALIGN (0x2)
                0x00000120                __trampolines_start = .
 *(.trampolines)
 .trampolines   0x00000120        0x0 linker stubs
 *(.trampolines*)
                0x00000120                __trampolines_end = .
 *(.jumptables)
 *(.jumptables*)
 *(.lowtext)
 *(.lowtext*)
                0x00000120                __ctors_start = .
 *(.ctors)
                0x00000120                __ctors_end = .
                0x00000120                __dtors_start = .
 *(.dtors)
                0x00000120                __dtors_end = .
 SORT(*)(.ctors)
 SORT(*)(.dtors)
 *(.init0)
 .init0         0x00000120        0x0 /usr/lib/gcc/avr/4.8.2/../../../avr/lib/avr51/crtm128rfa1.o
                0x00000120                __init
 *(.init0)
 *(.init1)
 *(.init1)
 *(.init2)
 .init2         0x00000120        0xc /usr/lib/gcc/avr/4.8.2/../../../avr/lib/avr51/crtm128rfa1.o
 *(.init2)
 *(.init3)
 *(.init3)
 *(.init4)
 .init4         0x0000012c       0x10 /usr/lib/gcc/avr/4.8.2/avr51/libgcc.a(_clear_bss.o)
                0x0000012c                __do_clear_bss
 *(.init4)
 *(.init5)
 *(.init5)
 *(.init6)
 *(.init6)
 *(.init7)
 *(.init7)
 *(.init8)
 *(.init8)
 *(.init9)
 .init9         0x0000013c        0x8 /usr/lib/gcc/avr/4.8.2/../../../avr/lib/avr51/crtm128rfa1.o
 *(.init9)
 *(.text)
 .text          0x00000144        0x4 /usr/lib/gcc/avr/4.8.2/../../../avr/lib/avr51/crtm128rfa1.o
                0x00000144                __vector_38
                0x00000144                __vector_22
                0x00000144                __vector_63
                0x00000144                __vector_28
                0x00000144                __vector_67
                0x00000144                __vector_1
                0x00000144                __vector_32
                0x00000144                __vector_71
                0x00000144                __vector_34
                0x00000144                __vector_62
                0x00000144                __vector_24
                0x00000144                __vector_12
                0x00000144                __vector_55
                0x00000144                __vector_69
                0x00000144                __vector_46
                0x00000144                __bad_interrupt
                0x00000144                __vector_6
                0x00000144                __vector_31
                0x00000144                __vector_35
                0x00000144                __vector_39
                0x00000144                __vector_3
                0x00000144                __vector_23
                0x00000144                __vector_68
                0x00000144                __vector_30
                0x00000144                __vector_45
                0x00000144                __vector_25
                0x00000144                __vector_61
                0x00000144                __vector_11
                0x00000144                __vector_54
                0x00000144                __vector_17
                0x00000144                __vector_19
                0x00000144                __vector_56
                0x00000144                __vector_7
                0x00000144                __vector_49
                0x00000144                __vector_41
                0x00000144                __vector_64
                0x00000144                __vector_43
                0x00000144                __vector_27
                0x00000144                __vector_5
                0x00000144                __vector_33
                0x00000144                __vector_47
                0x00000144                __vector_52
                0x00000144                __vector_37
                0x00000144                __vector_4
                0x00000144                __vector_44
                0x00000144                __vector_51
                0x00000144                __vector_9
                0x00000144                __vector_2
                0x00000144                __vector_21
                0x00000144                __vector_15
                0x00000144                __vector_66
                0x00000144                __vector_36
                0x00000144                __vector_58
                0x00000144                __vector_70
                0x00000144                __vector_29
                0x00000144                __vector_60
                0x00000144                __vector_40
                0x00000144                __vector_8
                0x00000144                __vector_26
                0x00000144                __vector_48
                0x00000144                __vector_14
                0x00000144                __vector_57
                0x00000144                __vector_53
                0x00000144                __vector_10
                0x00000144                __vector_50
                0x00000144                __vector_16
                0x00000144                __vector_59
                0x00000144                __vector_18
                0x00000144                __vector_20
                0x00000144                __vector_42
                0x00000144                __vector_65
 .text          0x00000148        0x0 ./src/scheduler_test.o
 .text          0x00000148        0x0 /home/happy/workspace/ses/Release/libses.a(ses_led.o)
 .text          0x00000148        0x0 /home/happy/workspace/ses/Release/libses.a(ses_scheduler.o)
 .text          0x00000148        0x0 /home/happy/workspace/ses/Release/libses.a(ses_timer.o)
 .text          0x00000148        0x0 /usr/lib/gcc/avr/4.8.2/avr51/libgcc.a(_exit.o)
 .text          0x00000148        0x0 /usr/lib/gcc/avr/4.8.2/avr51/libgcc.a(_clear_bss.o)
                0x00000148                . = ALIGN (0x2)
 *(.text.*)
 .text.startup.main
                0x00000148       0x1e ./src/scheduler_test.o
                0x00000148                main
 .text.led_redInit
                0x00000166        0x4 /home/happy/workspace/ses/Release/libses.a(ses_led.o)
                0x00000166                led_redInit
 .text.led_redToggle
                0x0000016a        0xa /home/happy/workspace/ses/Release/libses.a(ses_led.o)
                0x0000016a                led_redToggle
 .text.led_redOn
                0x00000174        0x4 /home/happy/workspace/ses/Release/libses.a(ses_led.o)
                0x00000174                led_redOn
 .text.led_redOff
                0x00000178        0x4 /home/happy/workspace/ses/Release/libses.a(ses_led.o)
                0x00000178                led_redOff
 .text.led_yellowInit
                0x0000017c        0x4 /home/happy/workspace/ses/Release/libses.a(ses_led.o)
                0x0000017c                led_yellowInit
 .text.led_yellowToggle
                0x00000180        0x8 /home/happy/workspace/ses/Release/libses.a(ses_led.o)
                0x00000180                led_yellowToggle
 .text.led_yellowOn
                0x00000188        0x4 /home/happy/workspace/ses/Release/libses.a(ses_led.o)
                0x00000188                led_yellowOn
 .text.led_yellowOff
                0x0000018c        0x4 /home/happy/workspace/ses/Release/libses.a(ses_led.o)
                0x0000018c                led_yellowOff
 .text.led_greenInit
                0x00000190        0x4 /home/happy/workspace/ses/Release/libses.a(ses_led.o)
                0x00000190                led_greenInit
 .text.led_greenToggle
                0x00000194        0xa /home/happy/workspace/ses/Release/libses.a(ses_led.o)
                0x00000194                led_greenToggle
 .text.led_greenOn
                0x0000019e        0x4 /home/happy/workspace/ses/Release/libses.a(ses_led.o)
                0x0000019e                led_greenOn
 .text.led_greenOff
                0x000001a2        0x4 /home/happy/workspace/ses/Release/libses.a(ses_led.o)
                0x000001a2                led_greenOff
 .text.scheduler_update
                0x000001a6       0x38 /home/happy/workspace/ses/Release/libses.a(ses_scheduler.o)
                0x000001a6                scheduler_update
 .text.scheduler_init
                0x000001de        0x8 /home/happy/workspace/ses/Release/libses.a(ses_scheduler.o)
                0x000001de                scheduler_init
 .text.scheduler_run
                0x000001e6       0xa2 /home/happy/workspace/ses/Release/libses.a(ses_scheduler.o)
                0x000001e6                scheduler_run
 .text.scheduler_add
                0x00000288       0x6c /home/happy/workspace/ses/Release/libses.a(ses_scheduler.o)
                0x00000288                scheduler_add
 .text.scheduler_remove
                0x000002f4       0x2e /home/happy/workspace/ses/Release/libses.a(ses_scheduler.o)
                0x000002f4                scheduler_remove
 .text.timer2_init
                0x00000322       0x3a /home/happy/workspace/ses/Release/libses.a(ses_timer.o)
                0x00000322                timer2_init
 .text.__vector_13
                0x0000035c       0x5a /home/happy/workspace/ses/Release/libses.a(ses_timer.o)
                0x0000035c                __vector_13
 .text.libgcc.mul
                0x000003b6        0x0 /usr/lib/gcc/avr/4.8.2/avr51/libgcc.a(_exit.o)
 .text.libgcc.div
                0x000003b6        0x0 /usr/lib/gcc/avr/4.8.2/avr51/libgcc.a(_exit.o)
 .text.libgcc   0x000003b6        0x0 /usr/lib/gcc/avr/4.8.2/avr51/libgcc.a(_exit.o)
 .text.libgcc.prologue
                0x000003b6        0x0 /usr/lib/gcc/avr/4.8.2/avr51/libgcc.a(_exit.o)
 .text.libgcc.builtins
                0x000003b6        0x0 /usr/lib/gcc/avr/4.8.2/avr51/libgcc.a(_exit.o)
 .text.libgcc.fmul
                0x000003b6        0x0 /usr/lib/gcc/avr/4.8.2/avr51/libgcc.a(_exit.o)
 .text.libgcc.fixed
                0x000003b6        0x0 /usr/lib/gcc/avr/4.8.2/avr51/libgcc.a(_exit.o)
 .text.libgcc.mul
                0x000003b6        0x0 /usr/lib/gcc/avr/4.8.2/avr51/libgcc.a(_clear_bss.o)
 .text.libgcc.div
                0x000003b6        0x0 /usr/lib/gcc/avr/4.8.2/avr51/libgcc.a(_clear_bss.o)
 .text.libgcc   0x000003b6        0x0 /usr/lib/gcc/avr/4.8.2/avr51/libgcc.a(_clear_bss.o)
 .text.libgcc.prologue
                0x000003b6        0x0 /usr/lib/gcc/avr/4.8.2/avr51/libgcc.a(_clear_bss.o)
 .text.libgcc.builtins
                0x000003b6        0x0 /usr/lib/gcc/avr/4.8.2/avr51/libgcc.a(_clear_bss.o)
 .text.libgcc.fmul
                0x000003b6        0x0 /usr/lib/gcc/avr/4.8.2/avr51/libgcc.a(_clear_bss.o)
 .text.libgcc.fixed
                0x000003b6        0x0 /usr/lib/gcc/avr/4.8.2/avr51/libgcc.a(_clear_bss.o)
                0x000003b6                . = ALIGN (0x2)
 *(.fini9)
 .fini9         0x000003b6        0x0 /usr/lib/gcc/avr/4.8.2/avr51/libgcc.a(_exit.o)
                0x000003b6                exit
                0x000003b6                _exit
 *(.fini9)
 *(.fini8)
 *(.fini8)
 *(.fini7)
 *(.fini7)
 *(.fini6)
 *(.fini6)
 *(.fini5)
 *(.fini5)
 *(.fini4)
 *(.fini4)
 *(.fini3)
 *(.fini3)
 *(.fini2)
 *(.fini2)
 *(.fini1)
 *(.fini1)
 *(.fini0)
 .fini0         0x000003b6        0x4 /usr/lib/gcc/avr/4.8.2/avr51/libgcc.a(_exit.o)
 *(.fini0)
                0x000003ba                _etext = .

.data           0x00800200        0x0 load address 0x000003ba
                0x00800200                PROVIDE (__data_start, .)
 *(.data)
 .data          0x00800200        0x0 /usr/lib/gcc/avr/4.8.2/../../../avr/lib/avr51/crtm128rfa1.o
 .data          0x00800200        0x0 ./src/scheduler_test.o
 .data          0x00800200        0x0 /home/happy/workspace/ses/Release/libses.a(ses_led.o)
 .data          0x00800200        0x0 /home/happy/workspace/ses/Release/libses.a(ses_scheduler.o)
 .data          0x00800200        0x0 /home/happy/workspace/ses/Release/libses.a(ses_timer.o)
 .data          0x00800200        0x0 /usr/lib/gcc/avr/4.8.2/avr51/libgcc.a(_exit.o)
 .data          0x00800200        0x0 /usr/lib/gcc/avr/4.8.2/avr51/libgcc.a(_clear_bss.o)
 *(.data*)
 *(.rodata)
 *(.rodata*)
 *(.gnu.linkonce.d*)
                0x00800200                . = ALIGN (0x2)
                0x00800200                _edata = .
                0x00800200                PROVIDE (__data_end, .)

.bss            0x00800200       0x3e
                0x00800200                PROVIDE (__bss_start, .)
 *(.bss)
 .bss           0x00800200        0x0 /usr/lib/gcc/avr/4.8.2/../../../avr/lib/avr51/crtm128rfa1.o
 .bss           0x00800200        0x0 ./src/scheduler_test.o
 .bss           0x00800200        0x0 /home/happy/workspace/ses/Release/libses.a(ses_led.o)
 .bss           0x00800200        0x0 /home/happy/workspace/ses/Release/libses.a(ses_scheduler.o)
 .bss           0x00800200        0x0 /home/happy/workspace/ses/Release/libses.a(ses_timer.o)
 .bss           0x00800200        0x0 /usr/lib/gcc/avr/4.8.2/avr51/libgcc.a(_exit.o)
 .bss           0x00800200        0x0 /usr/lib/gcc/avr/4.8.2/avr51/libgcc.a(_clear_bss.o)
 *(.bss*)
 .bss.timer2_callback
                0x00800200        0x2 /home/happy/workspace/ses/Release/libses.a(ses_timer.o)
                0x00800200                timer2_callback
 *(COMMON)
 COMMON         0x00800202       0x3c /home/happy/workspace/ses/Release/libses.a(ses_scheduler.o)
                0x00800202                tasks
                0x0080023e                PROVIDE (__bss_end, .)
                0x000003ba                __data_load_start = LOADADDR (.data)
                0x000003ba                __data_load_end = (__data_load_start + SIZEOF (.data))

.noinit         0x0080023e        0x0
                0x0080023e                PROVIDE (__noinit_start, .)
 *(.noinit*)
                0x0080023e                PROVIDE (__noinit_end, .)
                0x0080023e                _end = .
                0x0080023e                PROVIDE (__heap_start, .)

.eeprom         0x00810000        0x0
 *(.eeprom*)
                0x00810000                __eeprom_end = .

.fuse
 *(.fuse)
 *(.lfuse)
 *(.hfuse)
 *(.efuse)

.lock
 *(.lock*)

.signature
 *(.signature*)

.user_signatures
 *(.user_signatures*)

.stab           0x00000000      0x6cc
 *(.stab)
 .stab          0x00000000      0x6cc /usr/lib/gcc/avr/4.8.2/../../../avr/lib/avr51/crtm128rfa1.o

.stabstr        0x00000000       0x54
 *(.stabstr)
 .stabstr       0x00000000       0x54 /usr/lib/gcc/avr/4.8.2/../../../avr/lib/avr51/crtm128rfa1.o

.stab.excl
 *(.stab.excl)

.stab.exclstr
 *(.stab.exclstr)

.stab.index
 *(.stab.index)

.stab.indexstr
 *(.stab.indexstr)

.comment        0x00000000       0x11
 *(.comment)
 .comment       0x00000000       0x11 ./src/scheduler_test.o
                                 0x12 (size before relaxing)
 .comment       0x00000000       0x12 /home/happy/workspace/ses/Release/libses.a(ses_led.o)
 .comment       0x00000000       0x12 /home/happy/workspace/ses/Release/libses.a(ses_scheduler.o)
 .comment       0x00000000       0x12 /home/happy/workspace/ses/Release/libses.a(ses_timer.o)

.debug
 *(.debug)

.line
 *(.line)

.debug_srcinfo
 *(.debug_srcinfo)

.debug_sfnames
 *(.debug_sfnames)

.debug_aranges
 *(.debug_aranges)

.debug_pubnames
 *(.debug_pubnames)

.debug_info
 *(.debug_info)
 *(.gnu.linkonce.wi.*)

.debug_abbrev
 *(.debug_abbrev)

.debug_line
 *(.debug_line)

.debug_frame
 *(.debug_frame)

.debug_str
 *(.debug_str)

.debug_loc
 *(.debug_loc)

.debug_macinfo
 *(.debug_macinfo)

.debug_pubtypes
 *(.debug_pubtypes)

.debug_ranges
 *(.debug_ranges)

.debug_macro
 *(.debug_macro)
OUTPUT(task_5_3.elf elf32-avr)
LOAD linker stubs
