Archive member included because of file (symbol)

C:\Users\dploeger\Documents\Uni\Software for Embedded Systems\ATMega\ses\Release\libses.a(ses_led.o)
                              ./src/scheduler_test.o (led_greenInit)
C:\Users\dploeger\Documents\Uni\Software for Embedded Systems\ATMega\ses\Release\libses.a(ses_scheduler.o)
                              ./src/scheduler_test.o (scheduler_init)
C:\Users\dploeger\Documents\Uni\Software for Embedded Systems\ATMega\ses\Release\libses.a(ses_timer.o)
                              C:\Users\dploeger\Documents\Uni\Software for Embedded Systems\ATMega\ses\Release\libses.a(ses_scheduler.o) (timer2_init)
c:/apps/winavr-20100110/bin/../lib/gcc/avr/4.3.3/avr51\libgcc.a(_exit.o)
                              c:/apps/winavr-20100110/bin/../lib/gcc/avr/4.3.3/../../../../avr/lib/avr51/crtm128rfa1.o (exit)
c:/apps/winavr-20100110/bin/../lib/gcc/avr/4.3.3/avr51\libgcc.a(_clear_bss.o)
                              C:\Users\dploeger\Documents\Uni\Software for Embedded Systems\ATMega\ses\Release\libses.a(ses_scheduler.o) (__do_clear_bss)

Allocating common symbols
Common symbol       size              file

tasks               0x3c              C:\Users\dploeger\Documents\Uni\Software for Embedded Systems\ATMega\ses\Release\libses.a(ses_scheduler.o)

Memory Configuration

Name             Origin             Length             Attributes
text             0x00000000         0x00020000         xr
data             0x00800060         0x0000ffa0         rw !x
eeprom           0x00810000         0x00010000         rw !x
fuse             0x00820000         0x00000400         rw !x
lock             0x00830000         0x00000400         rw !x
signature        0x00840000         0x00000400         rw !x
*default*        0x00000000         0xffffffff

Linker script and memory map

Address of section .data set to 0x800200
LOAD c:/apps/winavr-20100110/bin/../lib/gcc/avr/4.3.3/../../../../avr/lib/avr51/crtm128rfa1.o
LOAD ./src/scheduler_test.o
LOAD C:\Users\dploeger\Documents\Uni\Software for Embedded Systems\ATMega\ses\Release\libses.a
LOAD c:/apps/winavr-20100110/bin/../lib/gcc/avr/4.3.3/avr51\libgcc.a
LOAD c:/apps/winavr-20100110/bin/../lib/gcc/avr/4.3.3/../../../../avr/lib/avr51\libc.a
LOAD c:/apps/winavr-20100110/bin/../lib/gcc/avr/4.3.3/avr51\libgcc.a

.hash
 *(.hash)

.dynsym
 *(.dynsym)

.dynstr
 *(.dynstr)

.gnu.version
 *(.gnu.version)

.gnu.version_d
 *(.gnu.version_d)

.gnu.version_r
 *(.gnu.version_r)

.rel.init
 *(.rel.init)

.rela.init
 *(.rela.init)

.rel.text
 *(.rel.text)
 *(.rel.text.*)
 *(.rel.gnu.linkonce.t*)

.rela.text
 *(.rela.text)
 *(.rela.text.*)
 *(.rela.gnu.linkonce.t*)

.rel.fini
 *(.rel.fini)

.rela.fini
 *(.rela.fini)

.rel.rodata
 *(.rel.rodata)
 *(.rel.rodata.*)
 *(.rel.gnu.linkonce.r*)

.rela.rodata
 *(.rela.rodata)
 *(.rela.rodata.*)
 *(.rela.gnu.linkonce.r*)

.rel.data
 *(.rel.data)
 *(.rel.data.*)
 *(.rel.gnu.linkonce.d*)

.rela.data
 *(.rela.data)
 *(.rela.data.*)
 *(.rela.gnu.linkonce.d*)

.rel.ctors
 *(.rel.ctors)

.rela.ctors
 *(.rela.ctors)

.rel.dtors
 *(.rel.dtors)

.rela.dtors
 *(.rela.dtors)

.rel.got
 *(.rel.got)

.rela.got
 *(.rela.got)

.rel.bss
 *(.rel.bss)

.rela.bss
 *(.rela.bss)

.rel.plt
 *(.rel.plt)

.rela.plt
 *(.rela.plt)

.text           0x00000000      0x3d4
 *(.vectors)
 .vectors       0x00000000      0x120 c:/apps/winavr-20100110/bin/../lib/gcc/avr/4.3.3/../../../../avr/lib/avr51/crtm128rfa1.o
                0x00000000                __vectors
                0x00000000                __vector_default
 *(.vectors)
 *(.progmem.gcc*)
 *(.progmem*)
                0x00000120                . = ALIGN (0x2)
                0x00000120                __trampolines_start = .
 *(.trampolines)
 .trampolines   0x00000120        0x0 linker stubs
 *(.trampolines*)
                0x00000120                __trampolines_end = .
 *(.jumptables)
 *(.jumptables*)
 *(.lowtext)
 *(.lowtext*)
                0x00000120                __ctors_start = .
 *(.ctors)
                0x00000120                __ctors_end = .
                0x00000120                __dtors_start = .
 *(.dtors)
                0x00000120                __dtors_end = .
 SORT(*)(.ctors)
 SORT(*)(.dtors)
 *(.init0)
 .init0         0x00000120        0x0 c:/apps/winavr-20100110/bin/../lib/gcc/avr/4.3.3/../../../../avr/lib/avr51/crtm128rfa1.o
                0x00000120                __init
 *(.init0)
 *(.init1)
 *(.init1)
 *(.init2)
 .init2         0x00000120        0xc c:/apps/winavr-20100110/bin/../lib/gcc/avr/4.3.3/../../../../avr/lib/avr51/crtm128rfa1.o
 *(.init2)
 *(.init3)
 *(.init3)
 *(.init4)
 .init4         0x0000012c       0x1a c:/apps/winavr-20100110/bin/../lib/gcc/avr/4.3.3/../../../../avr/lib/avr51/crtm128rfa1.o
                0x0000012c                __do_copy_data
 .init4         0x00000146       0x10 c:/apps/winavr-20100110/bin/../lib/gcc/avr/4.3.3/avr51\libgcc.a(_clear_bss.o)
                0x00000146                __do_clear_bss
 *(.init4)
 *(.init5)
 *(.init5)
 *(.init6)
 *(.init6)
 *(.init7)
 *(.init7)
 *(.init8)
 *(.init8)
 *(.init9)
 .init9         0x00000156        0x8 c:/apps/winavr-20100110/bin/../lib/gcc/avr/4.3.3/../../../../avr/lib/avr51/crtm128rfa1.o
 *(.init9)
 *(.text)
 .text          0x0000015e        0x4 c:/apps/winavr-20100110/bin/../lib/gcc/avr/4.3.3/../../../../avr/lib/avr51/crtm128rfa1.o
                0x0000015e                __vector_38
                0x0000015e                __vector_22
                0x0000015e                __vector_63
                0x0000015e                __vector_28
                0x0000015e                __vector_67
                0x0000015e                __vector_1
                0x0000015e                __vector_32
                0x0000015e                __vector_71
                0x0000015e                __vector_34
                0x0000015e                __vector_62
                0x0000015e                __vector_24
                0x0000015e                __vector_12
                0x0000015e                __vector_55
                0x0000015e                __vector_69
                0x0000015e                __vector_46
                0x0000015e                __bad_interrupt
                0x0000015e                __vector_6
                0x0000015e                __vector_31
                0x0000015e                __vector_35
                0x0000015e                __vector_39
                0x0000015e                __vector_3
                0x0000015e                __vector_23
                0x0000015e                __vector_68
                0x0000015e                __vector_30
                0x0000015e                __vector_45
                0x0000015e                __vector_25
                0x0000015e                __vector_61
                0x0000015e                __vector_11
                0x0000015e                __vector_54
                0x0000015e                __vector_17
                0x0000015e                __vector_19
                0x0000015e                __vector_56
                0x0000015e                __vector_7
                0x0000015e                __vector_49
                0x0000015e                __vector_41
                0x0000015e                __vector_64
                0x0000015e                __vector_43
                0x0000015e                __vector_27
                0x0000015e                __vector_5
                0x0000015e                __vector_33
                0x0000015e                __vector_47
                0x0000015e                __vector_52
                0x0000015e                __vector_37
                0x0000015e                __vector_4
                0x0000015e                __vector_44
                0x0000015e                __vector_51
                0x0000015e                __vector_9
                0x0000015e                __vector_2
                0x0000015e                __vector_21
                0x0000015e                __vector_15
                0x0000015e                __vector_66
                0x0000015e                __vector_36
                0x0000015e                __vector_58
                0x0000015e                __vector_70
                0x0000015e                __vector_29
                0x0000015e                __vector_60
                0x0000015e                __vector_40
                0x0000015e                __vector_8
                0x0000015e                __vector_26
                0x0000015e                __vector_48
                0x0000015e                __vector_14
                0x0000015e                __vector_57
                0x0000015e                __vector_53
                0x0000015e                __vector_10
                0x0000015e                __vector_50
                0x0000015e                __vector_16
                0x0000015e                __vector_59
                0x0000015e                __vector_18
                0x0000015e                __vector_20
                0x0000015e                __vector_42
                0x0000015e                __vector_65
 .text          0x00000162        0x0 ./src/scheduler_test.o
 .text          0x00000162        0x0 C:\Users\dploeger\Documents\Uni\Software for Embedded Systems\ATMega\ses\Release\libses.a(ses_led.o)
 .text          0x00000162        0x0 C:\Users\dploeger\Documents\Uni\Software for Embedded Systems\ATMega\ses\Release\libses.a(ses_scheduler.o)
 .text          0x00000162        0x0 C:\Users\dploeger\Documents\Uni\Software for Embedded Systems\ATMega\ses\Release\libses.a(ses_timer.o)
 .text          0x00000162        0x0 c:/apps/winavr-20100110/bin/../lib/gcc/avr/4.3.3/avr51\libgcc.a(_exit.o)
 .text          0x00000162        0x0 c:/apps/winavr-20100110/bin/../lib/gcc/avr/4.3.3/avr51\libgcc.a(_clear_bss.o)
                0x00000162                . = ALIGN (0x2)
 *(.text.*)
 .text.main     0x00000162       0x1e ./src/scheduler_test.o
                0x00000162                main
 .text.led_redInit
                0x00000180        0x4 C:\Users\dploeger\Documents\Uni\Software for Embedded Systems\ATMega\ses\Release\libses.a(ses_led.o)
                0x00000180                led_redInit
 .text.led_redToggle
                0x00000184        0xa C:\Users\dploeger\Documents\Uni\Software for Embedded Systems\ATMega\ses\Release\libses.a(ses_led.o)
                0x00000184                led_redToggle
 .text.led_redOn
                0x0000018e        0x4 C:\Users\dploeger\Documents\Uni\Software for Embedded Systems\ATMega\ses\Release\libses.a(ses_led.o)
                0x0000018e                led_redOn
 .text.led_redOff
                0x00000192        0x4 C:\Users\dploeger\Documents\Uni\Software for Embedded Systems\ATMega\ses\Release\libses.a(ses_led.o)
                0x00000192                led_redOff
 .text.led_yellowInit
                0x00000196        0x4 C:\Users\dploeger\Documents\Uni\Software for Embedded Systems\ATMega\ses\Release\libses.a(ses_led.o)
                0x00000196                led_yellowInit
 .text.led_yellowToggle
                0x0000019a        0x8 C:\Users\dploeger\Documents\Uni\Software for Embedded Systems\ATMega\ses\Release\libses.a(ses_led.o)
                0x0000019a                led_yellowToggle
 .text.led_yellowOn
                0x000001a2        0x4 C:\Users\dploeger\Documents\Uni\Software for Embedded Systems\ATMega\ses\Release\libses.a(ses_led.o)
                0x000001a2                led_yellowOn
 .text.led_yellowOff
                0x000001a6        0x4 C:\Users\dploeger\Documents\Uni\Software for Embedded Systems\ATMega\ses\Release\libses.a(ses_led.o)
                0x000001a6                led_yellowOff
 .text.led_greenInit
                0x000001aa        0x4 C:\Users\dploeger\Documents\Uni\Software for Embedded Systems\ATMega\ses\Release\libses.a(ses_led.o)
                0x000001aa                led_greenInit
 .text.led_greenToggle
                0x000001ae        0xa C:\Users\dploeger\Documents\Uni\Software for Embedded Systems\ATMega\ses\Release\libses.a(ses_led.o)
                0x000001ae                led_greenToggle
 .text.led_greenOn
                0x000001b8        0x4 C:\Users\dploeger\Documents\Uni\Software for Embedded Systems\ATMega\ses\Release\libses.a(ses_led.o)
                0x000001b8                led_greenOn
 .text.led_greenOff
                0x000001bc        0x4 C:\Users\dploeger\Documents\Uni\Software for Embedded Systems\ATMega\ses\Release\libses.a(ses_led.o)
                0x000001bc                led_greenOff
 .text.scheduler_update
                0x000001c0       0x38 C:\Users\dploeger\Documents\Uni\Software for Embedded Systems\ATMega\ses\Release\libses.a(ses_scheduler.o)
                0x000001c0                scheduler_update
 .text.scheduler_init
                0x000001f8        0x8 C:\Users\dploeger\Documents\Uni\Software for Embedded Systems\ATMega\ses\Release\libses.a(ses_scheduler.o)
                0x000001f8                scheduler_init
 .text.scheduler_run
                0x00000200       0xa2 C:\Users\dploeger\Documents\Uni\Software for Embedded Systems\ATMega\ses\Release\libses.a(ses_scheduler.o)
                0x00000200                scheduler_run
 .text.scheduler_add
                0x000002a2       0x6c C:\Users\dploeger\Documents\Uni\Software for Embedded Systems\ATMega\ses\Release\libses.a(ses_scheduler.o)
                0x000002a2                scheduler_add
 .text.scheduler_remove
                0x0000030e       0x2e C:\Users\dploeger\Documents\Uni\Software for Embedded Systems\ATMega\ses\Release\libses.a(ses_scheduler.o)
                0x0000030e                scheduler_remove
 .text.timer2_init
                0x0000033c       0x3a C:\Users\dploeger\Documents\Uni\Software for Embedded Systems\ATMega\ses\Release\libses.a(ses_timer.o)
                0x0000033c                timer2_init
 .text.__vector_13
                0x00000376       0x5a C:\Users\dploeger\Documents\Uni\Software for Embedded Systems\ATMega\ses\Release\libses.a(ses_timer.o)
                0x00000376                __vector_13
 .text.libgcc   0x000003d0        0x0 c:/apps/winavr-20100110/bin/../lib/gcc/avr/4.3.3/avr51\libgcc.a(_exit.o)
 .text.libgcc   0x000003d0        0x0 c:/apps/winavr-20100110/bin/../lib/gcc/avr/4.3.3/avr51\libgcc.a(_clear_bss.o)
                0x000003d0                . = ALIGN (0x2)
 *(.fini9)
 .fini9         0x000003d0        0x0 c:/apps/winavr-20100110/bin/../lib/gcc/avr/4.3.3/avr51\libgcc.a(_exit.o)
                0x000003d0                exit
                0x000003d0                _exit
 *(.fini9)
 *(.fini8)
 *(.fini8)
 *(.fini7)
 *(.fini7)
 *(.fini6)
 *(.fini6)
 *(.fini5)
 *(.fini5)
 *(.fini4)
 *(.fini4)
 *(.fini3)
 *(.fini3)
 *(.fini2)
 *(.fini2)
 *(.fini1)
 *(.fini1)
 *(.fini0)
 .fini0         0x000003d0        0x4 c:/apps/winavr-20100110/bin/../lib/gcc/avr/4.3.3/avr51\libgcc.a(_exit.o)
 *(.fini0)
                0x000003d4                _etext = .

.data           0x00800200        0x0 load address 0x000003d4
                0x00800200                PROVIDE (__data_start, .)
 *(.data)
 .data          0x00800200        0x0 c:/apps/winavr-20100110/bin/../lib/gcc/avr/4.3.3/../../../../avr/lib/avr51/crtm128rfa1.o
 .data          0x00800200        0x0 ./src/scheduler_test.o
 .data          0x00800200        0x0 C:\Users\dploeger\Documents\Uni\Software for Embedded Systems\ATMega\ses\Release\libses.a(ses_led.o)
 .data          0x00800200        0x0 C:\Users\dploeger\Documents\Uni\Software for Embedded Systems\ATMega\ses\Release\libses.a(ses_scheduler.o)
 .data          0x00800200        0x0 C:\Users\dploeger\Documents\Uni\Software for Embedded Systems\ATMega\ses\Release\libses.a(ses_timer.o)
 .data          0x00800200        0x0 c:/apps/winavr-20100110/bin/../lib/gcc/avr/4.3.3/avr51\libgcc.a(_exit.o)
 .data          0x00800200        0x0 c:/apps/winavr-20100110/bin/../lib/gcc/avr/4.3.3/avr51\libgcc.a(_clear_bss.o)
 *(.data*)
 *(.rodata)
 *(.rodata*)
 *(.gnu.linkonce.d*)
                0x00800200                . = ALIGN (0x2)
                0x00800200                _edata = .
                0x00800200                PROVIDE (__data_end, .)

.bss            0x00800200       0x3e
                0x00800200                PROVIDE (__bss_start, .)
 *(.bss)
 .bss           0x00800200        0x0 c:/apps/winavr-20100110/bin/../lib/gcc/avr/4.3.3/../../../../avr/lib/avr51/crtm128rfa1.o
 .bss           0x00800200        0x0 ./src/scheduler_test.o
 .bss           0x00800200        0x0 C:\Users\dploeger\Documents\Uni\Software for Embedded Systems\ATMega\ses\Release\libses.a(ses_led.o)
 .bss           0x00800200        0x0 C:\Users\dploeger\Documents\Uni\Software for Embedded Systems\ATMega\ses\Release\libses.a(ses_scheduler.o)
 .bss           0x00800200        0x0 C:\Users\dploeger\Documents\Uni\Software for Embedded Systems\ATMega\ses\Release\libses.a(ses_timer.o)
 .bss           0x00800200        0x0 c:/apps/winavr-20100110/bin/../lib/gcc/avr/4.3.3/avr51\libgcc.a(_exit.o)
 .bss           0x00800200        0x0 c:/apps/winavr-20100110/bin/../lib/gcc/avr/4.3.3/avr51\libgcc.a(_clear_bss.o)
 *(.bss*)
 .bss.timer2_callback
                0x00800200        0x2 C:\Users\dploeger\Documents\Uni\Software for Embedded Systems\ATMega\ses\Release\libses.a(ses_timer.o)
                0x00800200                timer2_callback
 *(COMMON)
 COMMON         0x00800202       0x3c C:\Users\dploeger\Documents\Uni\Software for Embedded Systems\ATMega\ses\Release\libses.a(ses_scheduler.o)
                0x00800202                tasks
                0x0080023e                PROVIDE (__bss_end, .)
                0x000003d4                __data_load_start = LOADADDR (.data)
                0x000003d4                __data_load_end = (__data_load_start + SIZEOF (.data))

.noinit         0x0080023e        0x0
                0x0080023e                PROVIDE (__noinit_start, .)
 *(.noinit*)
                0x0080023e                PROVIDE (__noinit_end, .)
                0x0080023e                _end = .
                0x0080023e                PROVIDE (__heap_start, .)

.eeprom         0x00810000        0x0
 *(.eeprom*)
                0x00810000                __eeprom_end = .

.fuse
 *(.fuse)
 *(.lfuse)
 *(.hfuse)
 *(.efuse)

.lock
 *(.lock*)

.signature
 *(.signature*)

.stab
 *(.stab)

.stabstr
 *(.stabstr)

.stab.excl
 *(.stab.excl)

.stab.exclstr
 *(.stab.exclstr)

.stab.index
 *(.stab.index)

.stab.indexstr
 *(.stab.indexstr)

.comment        0x00000000       0x11
 *(.comment)
 .comment       0x00000000       0x11 C:\Users\dploeger\Documents\Uni\Software for Embedded Systems\ATMega\ses\Release\libses.a(ses_led.o)
                                 0x12 (size before relaxing)
 .comment       0x00000000       0x12 C:\Users\dploeger\Documents\Uni\Software for Embedded Systems\ATMega\ses\Release\libses.a(ses_scheduler.o)
 .comment       0x00000000       0x12 C:\Users\dploeger\Documents\Uni\Software for Embedded Systems\ATMega\ses\Release\libses.a(ses_timer.o)

.debug
 *(.debug)

.line
 *(.line)

.debug_srcinfo
 *(.debug_srcinfo)

.debug_sfnames
 *(.debug_sfnames)

.debug_aranges
 *(.debug_aranges)

.debug_pubnames
 *(.debug_pubnames)

.debug_info
 *(.debug_info)
 *(.gnu.linkonce.wi.*)

.debug_abbrev
 *(.debug_abbrev)

.debug_line
 *(.debug_line)

.debug_frame
 *(.debug_frame)

.debug_str
 *(.debug_str)

.debug_loc
 *(.debug_loc)

.debug_macinfo
 *(.debug_macinfo)
OUTPUT(task_5_3.elf elf32-avr)
LOAD linker stubs
